../Drivers/CMSIS/Include/core_cm4.h:2064:26:ITM_SendChar	16	static,ignoring_inline_asm
../Core/Src/main.c:94:5:__io_putchar	16	static
../Core/Src/main.c:101:6:HAL_CAN_RxFifo0MsgPendingCallback	80	static
../Core/Src/main.c:178:6:goToApp	24	static,ignoring_inline_asm
../Core/Src/main.c:198:6:Convert_To_Str	32	static
../Core/Src/main.c:214:5:main	48	static
../Core/Src/main.c:317:6:SystemClock_Config	88	static
../Core/Src/main.c:364:13:MX_CAN1_Init	8	static
../Core/Src/main.c:401:13:MX_USART1_UART_Init	8	static
../Core/Src/main.c:434:13:MX_GPIO_Init	40	static
../Core/Src/main.c:466:6:Error_Handler	8	static,ignoring_inline_asm
